2026-08-22 12:09:46,009 - INFO - ==================================================
2026-08-22 12:09:46,009 - INFO - 🚀 شروع اجرای ربات
2026-08-22 12:09:46,009 - INFO - 📥 بخش ۱: دریافت ۱۰۰ کانفیگ آخر برای فایل JSON...
2026-08-22 12:09:46,009 - INFO - 📡 دریافت کانفیگ‌ها از https://t.me/s/ConfigsHUB برای فایل JSON
2026-08-22 12:09:46,569 - INFO - ✅ 13 کانفیگ از صفحه دریافت شد
2026-08-22 12:09:46,570 - INFO - 📊 از https://t.me/s/ConfigsHUB: 13 کانفیگ دریافت شد
2026-08-22 12:09:46,571 - INFO - 🔄 بعد از حذف تکراری: 10 کانفیگ برای JSON
2026-08-22 12:09:46,571 - WARNING - ⚠️ تعداد کانفیگ‌ها به 100 رسید (با None پر شد)
2026-08-22 12:09:46,571 - INFO - ✅ دقیقاً 100 کانفیگ در configs.json ذخیره شد
2026-08-22 12:09:46,571 - INFO - ✅ فایل configs.json با 10 کانفیگ واقعی به‌روز شد
2026-08-22 12:09:46,571 - INFO - 📝 نمونه کانفیگ اول: vless://be154d71-04ca-4389-8a89-d14219b25cd7@162.1...
2026-08-22 12:09:46,571 - INFO - 📤 بخش ۲: دریافت کانفیگ‌های جدید برای ارسال به کانال...
2026-08-22 12:09:46,571 - INFO - 📡 دریافت پست‌ها از https://t.me/s/ConfigsHUB برای ارسال به کانال
2026-08-22 12:09:47,068 - INFO - ✅ 20 پست دریافت شد
2026-08-22 12:09:47,069 - INFO - ⏭️ رد کردن پست تکراری: ConfigsHUB/2009331
2026-08-22 12:09:47,069 - INFO - 💾 وضعیت به‌روز شد: ConfigsHUB/2009331
2026-08-22 12:09:47,069 - INFO - 📊 از https://t.me/s/ConfigsHUB: 0 کانفیگ جدید پیدا شد
2026-08-22 12:09:47,069 - INFO - 📊 تعداد کل کانفیگ‌های جدید: 0
2026-08-22 12:09:47,069 - INFO - ℹ️ کانفیگ جدیدی برای ارسال وجود ندارد
2026-08-22 12:09:47,069 - INFO - ==================================================
2026-08-22 12:09:47,069 - INFO - 🏁 اجرای ربات با موفقیت به پایان رسید
